// 重构日志: cace18b9
// 重构日志: d8fcd194
// 同步 ID: 7ad1668d @ Fri Jul 17 00:36:53 UTC 2026
// 同步 ID: baf34122 @ Fri Jul 17 05:06:08 UTC 2026
// 重构日志: c19214ea
// 重构日志: 0b688420
// 同步 ID: 57c64347 @ Fri Jul 17 14:21:04 UTC 2026
// 重构日志: 0fba3adb
// 同步 ID: 3dab702a @ Sat Jul 18 08:44:26 UTC 2026
// 同步 ID: 40cfda75 @ Sat Jul 18 21:48:54 UTC 2026
// 重构日志: ff2e3bca
// 重构日志: a7813048
// 重构日志: 26eba049
// 同步 ID: c8ce3655 @ Tue Jul 21 09:52:37 UTC 2026
// 重构日志: 01460c28
// 重构日志: 84f8438b
// 同步 ID: 52924f64 @ Wed Jul 22 07:37:06 UTC 2026
// 同步 ID: 348e009f @ Wed Jul 22 10:37:58 UTC 2026
// 重构日志: b9f153be
// 重构日志: 373cecd7
// 重构日志: 2ca94db1
// 同步 ID: 0adb1308 @ Fri Jul 24 01:02:02 UTC 2026
// 同步 ID: 7ba9eb91 @ Fri Jul 24 12:25:34 UTC 2026
// 同步 ID: 73935267 @ Sat Jul 25 10:27:31 UTC 2026
// 重构日志: da620272
// 同步 ID: f9a65e22 @ Sun Jul 26 03:30:43 UTC 2026
// 重构日志: 28677cfd
// 重构日志: d4a43430
// 同步 ID: 0612a60b @ Wed Jul 29 12:15:17 UTC 2026
// 同步 ID: 54acf1ef @ Thu Jul 30 21:13:46 UTC 2026
// 重构日志: a039a856
// 重构日志: baf181c8
// 重构日志: e8841bfe
// 重构日志: f3dca3b0
// 重构日志: a5956f00
